eeschema (2011-05-25)-stable  >> Creation date: sob, 27 lut 2016, 07:04:24

#Cmp ( porządek = Oznaczenie )
| C1         100n        
| C2         100n        
| C3         10u         
| C4         100n        
| D1         LED         
| D2         DIODE       
| IC1        ATTINY13-P  
| L1         BELL 12V    
| P1         CONN_2      
| P2         CONN_2      
| P3         CONN_6      
| P4         CONN_2      
| P5         CONN_2      
| Q1         IRF530      
| R1         3k3         
| R2         100k        
| R3         100k        
| R4         1k          
| R5         100         
| SW1        SW_PUSH     
| U1         LM7805CT    
| U2         PHTRANS     
#Koniec Cmp

#Cmp ( porządek = Wartość )
| 100          R5        
| 100k         R2        
| 100k         R3        
| 100n         C1        
| 100n         C2        
| 100n         C4        
| 10u          C3        
| 1k           R4        
| 3k3          R1        
| ATTINY13-P   IC1       
| BELL 12V     L1        
| CONN_2       P1        
| CONN_2       P2        
| CONN_2       P4        
| CONN_2       P5        
| CONN_6       P3        
| DIODE        D2        
| IRF530       Q1        
| LED          D1        
| LM7805CT     U1        
| PHTRANS      U2        
| SW_PUSH      SW1       
#Koniec Cmp

#Koniec listy
